#-----------------------------------------------------------
# Vivado v2020.1 (64-bit)
# SW Build 2902540 on Wed May 27 19:54:49 MDT 2020
# IP Build 2902112 on Wed May 27 22:43:36 MDT 2020
# Start of session at: Thu Nov 16 08:49:38 2023
# Process ID: 9140
# Current directory: C:/Xilinx/SST/week3/project_2
# Command line: vivado.exe -gui_launcher_event rodinguilauncherevent5272 C:\Xilinx\SST\week3\project_2\project_1.xpr
# Log file: C:/Xilinx/SST/week3/project_2/vivado.log
# Journal file: C:/Xilinx/SST/week3/project_2\vivado.jou
#-----------------------------------------------------------
start_gui
open_project C:/Xilinx/SST/week3/project_2/project_1.xpr
update_compile_order -fileset sources_1
# Disabling source management mode.  This is to allow the top design properties to be set without GUI intervention.
set_property source_mgmt_mode None [current_project]
set_property top with_decoder [current_fileset]
# Re-enabling previously disabled source management mode.
set_property source_mgmt_mode All [current_project]
update_compile_order -fileset sources_1
launch_simulation
source experiment3_tb.tcl
synth_design -rtl -name rtl_1
reset_run synth_1
launch_runs impl_1 -jobs 6
wait_on_run impl_1
